C51 COMPILER V9.52.0.0   WDT                                                               11/13/2024 09:06:21 PAGE 1   


C51 COMPILER V9.52.0.0, COMPILATION OF MODULE WDT
OBJECT MODULE PLACED IN .\obj\wdt.obj
COMPILER INVOKED BY: D:\keil\C51\BIN\C51.EXE src\wdt.c LARGE OMF2 BROWSE INCDIR(.\src) DEBUG PRINT(.\lst\wdt.lst) TABS(2
                    -) OBJECT(.\obj\wdt.obj)

line level    source

   1          #include "CBM7216.h"
   2          
   3          /*           
   4          功能：WDT初始化
   5          参数：
   6            div：分频系数[7:4]    0000、0001、1100 = 1、2、4096分频，1101~1111 = 8192分频
   7            length:周期长度[3：0]  0-15
   8            
   9            1、WDT 溢出周期 = 2^CNTDIV* (CNTLEN + 1) * 16 * 10us(T100K)。（160us~21s）
  10            2、WDT 复位周期 = 2 * 溢出周期 = 2 * 2CNTDIV* (CNTLEN + 1) * 16 * 10us(T100K)。（320us~42s）
  11          */
  12          void wdtInit(uint8 div, uint8 length)
  13          {
  14   1          MDLCKCR_WDTEN = 1 << 0;  //使能WDT
  15   1          WDTCR = 0x5A;     //清WDT
  16   1          WDTCR = 0xA5;
  17   1          WDTSETR_CNTDIV = (div & 0x0f) << 4;       //分频
  18   1          WDTSETR_CNTLEN = (length & 0x0f ) << 0;    //长度
  19   1          IRQ0ER_WDTINT = 0x04;    //使能WDT模块
  20   1          EX0 = 1;               //使能内核中断
  21   1          EA = 1;            //使能总中断
  22   1          WDTENR_CNTEN = 1 << 0;  //开始计数
  23   1      }
  24          
  25          
  26          /*           
  27          功能：清WDT
  28          */
  29          void wdtClear(void)
  30          {
  31   1          WDTCR = 0x5A;     //清WDT
  32   1          WDTCR = 0xA5;
  33   1      }
  34          
  35          


MODULE INFORMATION:   STATIC OVERLAYABLE
   CODE SIZE        =     59    ----
   CONSTANT SIZE    =   ----    ----
   XDATA SIZE       =   ----    ----
   PDATA SIZE       =   ----    ----
   DATA SIZE        =   ----    ----
   IDATA SIZE       =   ----    ----
   BIT SIZE         =   ----    ----
   EDATA SIZE       =   ----    ----
   HDATA SIZE       =   ----    ----
   XDATA CONST SIZE =   ----    ----
   FAR CONST SIZE   =   ----    ----
END OF MODULE INFORMATION.


C51 COMPILATION COMPLETE.  0 WARNING(S),  0 ERROR(S)
